
> newbi-entertainments@0.0.0 build
> vite build

[36mvite v7.2.2 [32mbuilding client environment for production...[36m[39m
node.exe : [baseline-browser-mapping] The data 
in this module is over two months old.  To 
ensure accurate Baseline data, please update: 
`npm i baseline-browser-mapping@latest -D`
At line:1 char:1
+ & "C:\Program Files\nodejs/node.exe" 
"C:\Program Files\nodejs/node_mo ...
+ ~~~~~~~~~~~~~~~~~~~~~~~~~~~~~~~~~~~~~~~~~~~~~~~
~~~~~~~~~~~~~~~~~~~~~~
    + CategoryInfo          : NotSpecified: ([ba 
   seline-brows...ping@latest -D`:String) [], R  
  emoteException
    + FullyQualifiedErrorId : NativeCommandError
 
transforming...
[32mΓ£ô[39m 2400 modules transformed.
rendering chunks...
[33m[plugin vite:reporter] 
(!) C:/Users/anude/.gemini/antigravity/scratch/ne
wbi-entertainments/node_modules/firebase/auth/dis
t/esm/index.esm.js is dynamically imported by C:/
Users/anude/.gemini/antigravity/scratch/newbi-ent
ertainments/src/lib/store.js but also statically 
imported by C:/Users/anude/.gemini/antigravity/sc
ratch/newbi-entertainments/src/lib/firebase.js, C
:/Users/anude/.gemini/antigravity/scratch/newbi-e
ntertainments/src/pages/Admin/Dashboard.jsx, 
dynamic import will not move module into another 
chunk.
[39m
computing gzip size...
[2mdist/[22m[32mindex.html                    [39m[1m[2m    0.45 kB[22m[1m[22m[2m Γöé gzip:   0.30 kB[22m
[2mdist/[22m[32massets/logo-Cqw9gUa5.png      [39m[1m[2m   91.54 kB[22m[1m[22m
[2mdist/[22m[35massets/index-q_GfW6qP.css     [39m[1m[2m   59.21 kB[22m[1m[22m[2m Γöé gzip:   9.57 kB[22m
[2mdist/[22m[36massets/purify.es-C65SP4u9.js  [39m[1m[2m   22.38 kB[22m[1m[22m[2m Γöé gzip:   8.63 kB[22m
[2mdist/[22m[36massets/index.es-DYoq9tVE.js   [39m[1m[2m  158.55 kB[22m[1m[22m[2m Γöé gzip:  52.90 kB[22m
[2mdist/[22m[36massets/index-CabCXohx.js      [39m[1m[33m1,481.87 kB[39m[22m[2m Γöé gzip: 445.56 kB[22m
[33m
(!) Some chunks are larger than 500 kB after 
minification. Consider:
- Using dynamic import() to code-split the 
application
- Use build.rollupOptions.output.manualChunks to 
improve chunking: https://rollupjs.org/configurat
ion-options/#output-manualchunks
- Adjust chunk size limit for this warning via 
build.chunkSizeWarningLimit.[39m
[32mΓ£ô built in 10.75s[39m
